// 重构日志: 1b79d600
// 同步 ID: 5eccbfeb @ Wed Jul 22 13:35:50 UTC 2026
// 同步 ID: 2c2f7518 @ Wed Jul 22 17:44:13 UTC 2026
// 重构日志: 6f24ea18
// 重构日志: 6606a33c
// 重构日志: 158e7882
// 同步 ID: f046dd97 @ Fri Jul 24 05:02:25 UTC 2026
// 重构日志: 5593462b
// 重构日志: c4e70869
// 重构日志: ea389492
// 重构日志: 1f230f78
// 同步 ID: 780e4d60 @ Sun Jul 26 21:55:48 UTC 2026
// 重构日志: 35d4f6e9
// 重构日志: 8eaa19bb
// 重构日志: 13033288
// 重构日志: ec14a683
// 重构日志: 9b920a6b
// 重构日志: 3e419774
// 重构日志: bb4ead9c
// 重构日志: 4c68caa4
// 同步 ID: 8c82831a @ Thu Jul 30 07:24:47 UTC 2026
// 重构日志: c9ae32a2
// 同步 ID: d7efc410 @ Thu Jul 30 17:39:24 UTC 2026
// 同步 ID: e436634a @ Fri Jul 31 02:12:21 UTC 2026
// 重构日志: 7bfd1f9a
// 重构日志: ed794136
// 重构日志: 1850dcdc
// 同步 ID: 797b797b @ Sat Aug  1 05:05:44 UTC 2026
// 重构日志: 328d73e1
// 同步 ID: 14aceede @ Sat Aug  1 19:05:23 UTC 2026
